鈻?Next.js 16.2.4 (Turbopack)
- Environments: .env
- Experiments (use with caution):
  路 clientTraceMetadata
  鉁?optimizeCss

node.exe : 鈿?The "middleware" file convention is deprecated. Please use "proxy" instead. Learn more: https://nextjs.org/
docs/messages/middleware-to-proxy
所在位置 行:1 字符: 1
+ & "D:\Program Files\nodejs/node.exe" "D:\Program Files\nodejs/node_mo ...
+ ~~~~~~~~~~~~~~~~~~~~~~~~~~~~~~~~~~~~~~~~~~~~~~~~~~~~~~~~~~~~~~~~~~~~~
    + CategoryInfo          : NotSpecified: (鈿?The "middlewa...leware-to-proxy:String) [], RemoteException
    + FullyQualifiedErrorId : NativeCommandError
 
  Creating an optimized production build ...
鉁?Compiled successfully in 9.6s
  Running next.config.js provided runAfterProductionCompile ...
鉁?Completed runAfterProductionCompile in 1234ms
  Running TypeScript ...
  Finished TypeScript in 16.3s ...
  Collecting page data using 15 workers ...
馃捑 浣跨敤鍐呭瓨缂撳瓨锛堥厤缃?UPSTASH_REDIS_REST_URL 浠ュ惎鐢?Redis锛?馃捑 浣跨敤鍐呭瓨缂撳瓨锛堥厤缃?UPSTASH_REDIS_REST_URL 浠ュ惎鐢?Redis锛?馃捑 浣跨敤鍐呭瓨缂撳瓨锛堥厤缃?UPSTASH_REDIS_REST_URL 浠ュ惎鐢?Redis锛?馃捑 浣跨敤鍐呭瓨缂撳瓨锛堥厤缃?UPSTASH_REDIS_REST_URL 浠ュ惎鐢?Redis锛?馃捑 浣跨敤鍐呭瓨缂撳瓨锛堥厤缃?UPSTASH_REDIS_REST_URL 浠ュ惎鐢?Redis锛?馃捑 浣跨敤鍐呭瓨缂撳瓨锛堥厤缃?UPSTASH_REDIS_REST_URL 浠ュ惎鐢?Redis锛?馃捑 浣跨敤鍐呭瓨缂撳瓨锛堥厤缃?UPSTASH_REDIS_REST_URL 浠ュ惎鐢?Redis锛?馃捑 浣跨敤鍐呭瓨缂撳瓨锛堥厤缃?UPSTASH_REDIS_REST_URL 浠ュ惎鐢?Redis锛?馃捑 浣跨敤鍐呭瓨缂撳瓨锛堥厤缃?UPSTASH_REDIS_REST_URL 浠ュ惎鐢?Redis锛?馃捑 浣跨敤鍐呭瓨缂撳瓨锛堥厤缃?UPSTASH_REDIS_REST_URL 浠ュ惎鐢?Redis锛?馃捑 浣跨敤鍐呭瓨缂撳瓨锛堥厤缃?UPSTASH_REDIS_REST_URL 浠ュ惎鐢?Redis锛?馃捑 浣跨敤鍐呭瓨缂撳瓨锛堥厤缃?UPSTASH_REDIS_REST_URL 浠ュ惎鐢?Redis锛?馃捑 浣跨敤鍐呭瓨缂撳瓨锛堥厤缃?UPSTASH_REDIS_REST_URL 浠ュ惎鐢?Redis锛?馃捑 浣跨敤鍐呭瓨缂撳瓨锛堥厤缃?UPSTASH_REDIS_REST_URL 浠ュ惎鐢?Redis锛?馃捑 浣跨敤鍐呭瓨缂撳瓨锛堥厤缃?UPSTASH_REDIS_REST_URL 浠ュ惎鐢?Redis锛?  Generating static pages using 15 workers (0/65) ...
  Generating static pages using 15 workers (16/65) 
  Generating static pages using 15 workers (32/65) 
  Generating static pages using 15 workers (48/65) 
prisma:error 
Invalid `prisma.game.findMany()` invocation:


Can't reach database server at `127.0.0.1:5432`

Please make sure your database server is running at `127.0.0.1:5432`.
鉁?Generating static pages using 15 workers (65/65) in 2.7s
  Finalizing page optimization ...

Route (app)
鈹?茠 /
鈹?鈼?/_not-found
鈹?茠 /admin
鈹?茠 /admin/announcements
鈹?茠 /admin/checkins
鈹?茠 /admin/creators
鈹?茠 /admin/favorites
鈹?茠 /admin/follows
鈹?茠 /admin/forum
鈹?茠 /admin/games
鈹?茠 /admin/games/[id]
鈹?茠 /admin/games/import
鈹?茠 /admin/games/new
鈹?茠 /admin/music
鈹?茠 /admin/reports
鈹?茠 /admin/tags
鈹?茠 /admin/theme
鈹?茠 /admin/users
鈹?茠 /announcements/[id]
鈹?茠 /api/admin/announcements
鈹?茠 /api/admin/announcements/[id]
鈹?茠 /api/admin/checkins
鈹?茠 /api/admin/creators
鈹?茠 /api/admin/creators/[id]
鈹?茠 /api/admin/creators/vndb
鈹?茠 /api/admin/favorites
鈹?茠 /api/admin/follows
鈹?茠 /api/admin/forum
鈹?茠 /api/admin/games
鈹?茠 /api/admin/games/[id]
鈹?茠 /api/admin/games/[id]/logs
鈹?茠 /api/admin/games/vndb
鈹?茠 /api/admin/music
鈹?茠 /api/admin/music/[id]
鈹?茠 /api/admin/reports
鈹?茠 /api/admin/site-settings
鈹?茠 /api/admin/tag-groups
鈹?茠 /api/admin/tag-groups/[id]
鈹?茠 /api/admin/tags
鈹?茠 /api/admin/tags/[id]
鈹?茠 /api/admin/users
鈹?茠 /api/admin/users/[id]
鈹?茠 /api/admin/vndb/autofill
鈹?茠 /api/admin/vndb/import
鈹?茠 /api/admin/vndb/validate
鈹?茠 /api/auth/[...nextauth]
鈹?茠 /api/auth/forgot-password
鈹?茠 /api/auth/register
鈹?茠 /api/auth/reset-password
鈹?茠 /api/characters/random
鈹?茠 /api/checkin
鈹?茠 /api/comments/[id]/like
鈹?茠 /api/creators/random
鈹?茠 /api/follow/[id]
鈹?茠 /api/forum/comments/[id]
鈹?茠 /api/forum/comments/[id]/like
鈹?茠 /api/forum/posts
鈹?茠 /api/forum/posts/[id]
鈹?茠 /api/forum/posts/[id]/comments
鈹?茠 /api/forum/posts/[id]/like
鈹?茠 /api/forum/posts/[id]/solve
鈹?茠 /api/games
鈹?茠 /api/games/[id]
鈹?茠 /api/games/[id]/comments
鈹?茠 /api/games/[id]/favorite
鈹?茠 /api/games/[id]/play-status
鈹?茠 /api/games/[id]/rating
鈹?茠 /api/games/[id]/report
鈹?茠 /api/games/random
鈹?茠 /api/health
鈹?茠 /api/music
鈹?茠 /api/profile/edit
鈹?茠 /api/sentry/tunnel
鈹?茠 /api/site-settings
鈹?茠 /api/tags
鈹?茠 /api/translate
鈹?茠 /api/upload
鈹?茠 /api/uploadthing
鈹?茠 /api/user/avatar-frame
鈹?茠 /characters/[id]
鈹?茠 /collections
鈹?茠 /creators/[id]
鈹?鈼?/forgot-password
鈹?茠 /forum
鈹?茠 /games/[id]
鈹?鈼?/login
鈹?茠 /profile
鈹?茠 /profile/[id]
鈹?茠 /profile/edit
鈹?鈼?/register
鈹?鈼?/reset-password
鈹?鈼?/robots.txt
鈹?茠 /search
鈹?鈼?/sitemap.xml


茠 Proxy (Middleware)

鈼? (Static)   prerendered as static content
茠  (Dynamic)  server-rendered on demand

EXIT_CODE: 0
